[scipilot-figure-skill] wrote D:\LYT\大二上\国际大学生物理竞赛\UPCchinese\figures\raw_q1_atmosphere.pdf
[scipilot-figure-skill] wrote D:\LYT\大二上\国际大学生物理竞赛\UPCchinese\figures\raw_q1_atmosphere.svg
[scipilot-figure-skill] wrote D:\LYT\大二上\国际大学生物理竞赛\UPCchinese\figures\raw_q1_atmosphere.png
[scipilot-figure-skill] wrote D:\LYT\大二上\国际大学生物理竞赛\UPCchinese\figures\raw_q1_atmosphere_grayscale.png (grayscale preview)
[scipilot-figure-skill] wrote D:\LYT\大二上\国际大学生物理竞赛\UPCchinese\figures\raw_q1_flights.pdf
[scipilot-figure-skill] wrote D:\LYT\大二上\国际大学生物理竞赛\UPCchinese\figures\raw_q1_flights.svg
[scipilot-figure-skill] wrote D:\LYT\大二上\国际大学生物理竞赛\UPCchinese\figures\raw_q1_flights.png
[scipilot-figure-skill] wrote D:\LYT\大二上\国际大学生物理竞赛\UPCchinese\figures\raw_q1_flights_grayscale.png (grayscale preview)
[scipilot-figure-skill] wrote D:\LYT\大二上\国际大学生物理竞赛\UPCchinese\figures\raw_q1_october.pdf
[scipilot-figure-skill] wrote D:\LYT\大二上\国际大学生物理竞赛\UPCchinese\figures\raw_q1_october.svg
[scipilot-figure-skill] wrote D:\LYT\大二上\国际大学生物理竞赛\UPCchinese\figures\raw_q1_october.png
[scipilot-figure-skill] wrote D:\LYT\大二上\国际大学生物理竞赛\UPCchinese\figures\raw_q1_october_grayscale.png (grayscale preview)
[scipilot-figure-skill] wrote D:\LYT\大二上\国际大学生物理竞赛\UPCchinese\figures\process_q1_drag.pdf
[scipilot-figure-skill] wrote D:\LYT\大二上\国际大学生物理竞赛\UPCchinese\figures\process_q1_drag.svg
[scipilot-figure-skill] wrote D:\LYT\大二上\国际大学生物理竞赛\UPCchinese\figures\process_q1_drag.png
[scipilot-figure-skill] wrote D:\LYT\大二上\国际大学生物理竞赛\UPCchinese\figures\process_q1_drag_grayscale.png (grayscale preview)
[scipilot-figure-skill] wrote D:\LYT\大二上\国际大学生物理竞赛\UPCchinese\figures\process_q1_trajectory.pdf
[scipilot-figure-skill] wrote D:\LYT\大二上\国际大学生物理竞赛\UPCchinese\figures\process_q1_trajectory.svg
[scipilot-figure-skill] wrote D:\LYT\大二上\国际大学生物理竞赛\UPCchinese\figures\process_q1_trajectory.png
[scipilot-figure-skill] wrote D:\LYT\大二上\国际大学生物理竞赛\UPCchinese\figures\process_q1_trajectory_grayscale.png (grayscale preview)
[scipilot-figure-skill] wrote D:\LYT\大二上\国际大学生物理竞赛\UPCchinese\figures\process_q1_heating.pdf
[scipilot-figure-skill] wrote D:\LYT\大二上\国际大学生物理竞赛\UPCchinese\figures\process_q1_heating.svg
[scipilot-figure-skill] wrote D:\LYT\大二上\国际大学生物理竞赛\UPCchinese\figures\process_q1_heating.png
[scipilot-figure-skill] wrote D:\LYT\大二上\国际大学生物理竞赛\UPCchinese\figures\process_q1_heating_grayscale.png (grayscale preview)
[scipilot-figure-skill] wrote D:\LYT\大二上\国际大学生物理竞赛\UPCchinese\figures\process_q1_attitude.pdf
[scipilot-figure-skill] wrote D:\LYT\大二上\国际大学生物理竞赛\UPCchinese\figures\process_q1_attitude.svg
[scipilot-figure-skill] wrote D:\LYT\大二上\国际大学生物理竞赛\UPCchinese\figures\process_q1_attitude.png
[scipilot-figure-skill] wrote D:\LYT\大二上\国际大学生物理竞赛\UPCchinese\figures\process_q1_attitude_grayscale.png (grayscale preview)
[scipilot-figure-skill] wrote D:\LYT\大二上\国际大学生物理竞赛\UPCchinese\figures\process_q1_opening.pdf
[scipilot-figure-skill] wrote D:\LYT\大二上\国际大学生物理竞赛\UPCchinese\figures\process_q1_opening.svg
[scipilot-figure-skill] wrote D:\LYT\大二上\国际大学生物理竞赛\UPCchinese\figures\process_q1_opening.png
[scipilot-figure-skill] wrote D:\LYT\大二上\国际大学生物理竞赛\UPCchinese\figures\process_q1_opening_grayscale.png (grayscale preview)
[scipilot-figure-skill] wrote D:\LYT\大二上\国际大学生物理竞赛\UPCchinese\figures\result_q1_validation.pdf
[scipilot-figure-skill] wrote D:\LYT\大二上\国际大学生物理竞赛\UPCchinese\figures\result_q1_validation.svg
[scipilot-figure-skill] wrote D:\LYT\大二上\国际大学生物理竞赛\UPCchinese\figures\result_q1_validation.png
[scipilot-figure-skill] wrote D:\LYT\大二上\国际大学生物理竞赛\UPCchinese\figures\result_q1_validation_grayscale.png (grayscale preview)
[scipilot-figure-skill] wrote D:\LYT\大二上\国际大学生物理竞赛\UPCchinese\figures\result_q1_limits.pdf
[scipilot-figure-skill] wrote D:\LYT\大二上\国际大学生物理竞赛\UPCchinese\figures\result_q1_limits.svg
[scipilot-figure-skill] wrote D:\LYT\大二上\国际大学生物理竞赛\UPCchinese\figures\result_q1_limits.png
[scipilot-figure-skill] wrote D:\LYT\大二上\国际大学生物理竞赛\UPCchinese\figures\result_q1_limits_grayscale.png (grayscale preview)
[scipilot-figure-skill] wrote D:\LYT\大二上\国际大学生物理竞赛\UPCchinese\figures\result_q1_spin_sensitivity.pdf
[scipilot-figure-skill] wrote D:\LYT\大二上\国际大学生物理竞赛\UPCchinese\figures\result_q1_spin_sensitivity.svg
[scipilot-figure-skill] wrote D:\LYT\大二上\国际大学生物理竞赛\UPCchinese\figures\result_q1_spin_sensitivity.png
[scipilot-figure-skill] wrote D:\LYT\大二上\国际大学生物理竞赛\UPCchinese\figures\result_q1_spin_sensitivity_grayscale.png (grayscale preview)
[scipilot-figure-skill] wrote D:\LYT\大二上\国际大学生物理竞赛\UPCchinese\figures\result_q1_weather.pdf
[scipilot-figure-skill] wrote D:\LYT\大二上\国际大学生物理竞赛\UPCchinese\figures\result_q1_weather.svg
[scipilot-figure-skill] wrote D:\LYT\大二上\国际大学生物理竞赛\UPCchinese\figures\result_q1_weather.png
[scipilot-figure-skill] wrote D:\LYT\大二上\国际大学生物理竞赛\UPCchinese\figures\result_q1_weather_grayscale.png (grayscale preview)
Generated 12 logical figures
